               :-) GROMACS - gmx distance, 2023.4-conda_forge (-:

Executable:   /home/anacleto/anaconda3/bin.AVX2_256/gmx
Data prefix:  /home/anacleto/anaconda3
Working dir:  /tmp/bonds_work_u9prys9x
Command line:
  gmx distance -f /tmp/gmx_pbc_v1kfs04r/mapped_center_fit.xtc -n temp_bond_6.ndx -s /home/anacleto/projects/github/bayesian_potentials/examples/example_1_map_aa_to_cg/results/CG.tpr -oall bonds/bond_6.xvg -xvg none


-------------------------------------------------------
Program:     gmx distance, version 2023.4-conda_forge
Source file: src/gromacs/commandline/cmdlineparser.cpp (line 271)
Function:    void gmx::CommandLineParser::parse(int*, char**)

Error in user input:
Invalid command-line options
  In command-line option -f
    File '/tmp/gmx_pbc_v1kfs04r/mapped_center_fit.xtc' does not exist or is
    not accessible.
    The file could not be opened.
      Reason: No such file or directory
      (call to fopen() returned error code 2)

For more information and tips for troubleshooting, please check the GROMACS
website at https://manual.gromacs.org/current/user-guide/run-time-errors.html
-------------------------------------------------------
