ERROR on bond 0
               :-) GROMACS - gmx distance, 2023.4-conda_forge (-:

Executable:   /home/anacleto/anaconda3/bin.AVX2_256/gmx
Data prefix:  /home/anacleto/anaconda3
Working dir:  /tmp/bonds_work_u9prys9x
Command line:
  gmx distance -f /tmp/gmx_pbc_v1kfs04r/mapped_center_fit.xtc -n temp_bond_0.ndx -s /home/anacleto/projects/github/bayesian_potentials/examples/example_1_map_aa_to_cg/results/CG.tpr -oall bonds/bond_0.xvg -xvg none


-------------------------------------------------------
Program:     gmx distance, version 2023.4-conda_forge
Source file: src/gromacs/commandline/cmdlineparser.cpp (line 271)
Function:    void gmx::CommandLineParser::parse(int*, char**)

Error in user input:
Invalid command-line options
  In command-line option -f
    File '/tmp/gmx_pbc_v1kfs04r/mapped_center_fit.xtc' does not exist or is
    not accessible.
    The file could not be opened.
      Reason: No such file or directory
      (call to fopen() returned error code 2)

For more information and tips for troubleshooting, please check the GROMACS
website at https://manual.gromacs.org/current/user-guide/run-time-errors.html
-------------------------------------------------------
ERROR on bond 1
               :-) GROMACS - gmx distance, 2023.4-conda_forge (-:

Executable:   /home/anacleto/anaconda3/bin.AVX2_256/gmx
Data prefix:  /home/anacleto/anaconda3
Working dir:  /tmp/bonds_work_u9prys9x
Command line:
  gmx distance -f /tmp/gmx_pbc_v1kfs04r/mapped_center_fit.xtc -n temp_bond_1.ndx -s /home/anacleto/projects/github/bayesian_potentials/examples/example_1_map_aa_to_cg/results/CG.tpr -oall bonds/bond_1.xvg -xvg none


-------------------------------------------------------
Program:     gmx distance, version 2023.4-conda_forge
Source file: src/gromacs/commandline/cmdlineparser.cpp (line 271)
Function:    void gmx::CommandLineParser::parse(int*, char**)

Error in user input:
Invalid command-line options
  In command-line option -f
    File '/tmp/gmx_pbc_v1kfs04r/mapped_center_fit.xtc' does not exist or is
    not accessible.
    The file could not be opened.
      Reason: No such file or directory
      (call to fopen() returned error code 2)

For more information and tips for troubleshooting, please check the GROMACS
website at https://manual.gromacs.org/current/user-guide/run-time-errors.html
-------------------------------------------------------
ERROR on bond 2
               :-) GROMACS - gmx distance, 2023.4-conda_forge (-:

Executable:   /home/anacleto/anaconda3/bin.AVX2_256/gmx
Data prefix:  /home/anacleto/anaconda3
Working dir:  /tmp/bonds_work_u9prys9x
Command line:
  gmx distance -f /tmp/gmx_pbc_v1kfs04r/mapped_center_fit.xtc -n temp_bond_2.ndx -s /home/anacleto/projects/github/bayesian_potentials/examples/example_1_map_aa_to_cg/results/CG.tpr -oall bonds/bond_2.xvg -xvg none


-------------------------------------------------------
Program:     gmx distance, version 2023.4-conda_forge
Source file: src/gromacs/commandline/cmdlineparser.cpp (line 271)
Function:    void gmx::CommandLineParser::parse(int*, char**)

Error in user input:
Invalid command-line options
  In command-line option -f
    File '/tmp/gmx_pbc_v1kfs04r/mapped_center_fit.xtc' does not exist or is
    not accessible.
    The file could not be opened.
      Reason: No such file or directory
      (call to fopen() returned error code 2)

For more information and tips for troubleshooting, please check the GROMACS
website at https://manual.gromacs.org/current/user-guide/run-time-errors.html
-------------------------------------------------------
ERROR on bond 3
               :-) GROMACS - gmx distance, 2023.4-conda_forge (-:

Executable:   /home/anacleto/anaconda3/bin.AVX2_256/gmx
Data prefix:  /home/anacleto/anaconda3
Working dir:  /tmp/bonds_work_u9prys9x
Command line:
  gmx distance -f /tmp/gmx_pbc_v1kfs04r/mapped_center_fit.xtc -n temp_bond_3.ndx -s /home/anacleto/projects/github/bayesian_potentials/examples/example_1_map_aa_to_cg/results/CG.tpr -oall bonds/bond_3.xvg -xvg none


-------------------------------------------------------
Program:     gmx distance, version 2023.4-conda_forge
Source file: src/gromacs/commandline/cmdlineparser.cpp (line 271)
Function:    void gmx::CommandLineParser::parse(int*, char**)

Error in user input:
Invalid command-line options
  In command-line option -f
    File '/tmp/gmx_pbc_v1kfs04r/mapped_center_fit.xtc' does not exist or is
    not accessible.
    The file could not be opened.
      Reason: No such file or directory
      (call to fopen() returned error code 2)

For more information and tips for troubleshooting, please check the GROMACS
website at https://manual.gromacs.org/current/user-guide/run-time-errors.html
-------------------------------------------------------
ERROR on bond 4
               :-) GROMACS - gmx distance, 2023.4-conda_forge (-:

Executable:   /home/anacleto/anaconda3/bin.AVX2_256/gmx
Data prefix:  /home/anacleto/anaconda3
Working dir:  /tmp/bonds_work_u9prys9x
Command line:
  gmx distance -f /tmp/gmx_pbc_v1kfs04r/mapped_center_fit.xtc -n temp_bond_4.ndx -s /home/anacleto/projects/github/bayesian_potentials/examples/example_1_map_aa_to_cg/results/CG.tpr -oall bonds/bond_4.xvg -xvg none


-------------------------------------------------------
Program:     gmx distance, version 2023.4-conda_forge
Source file: src/gromacs/commandline/cmdlineparser.cpp (line 271)
Function:    void gmx::CommandLineParser::parse(int*, char**)

Error in user input:
Invalid command-line options
  In command-line option -f
    File '/tmp/gmx_pbc_v1kfs04r/mapped_center_fit.xtc' does not exist or is
    not accessible.
    The file could not be opened.
      Reason: No such file or directory
      (call to fopen() returned error code 2)

For more information and tips for troubleshooting, please check the GROMACS
website at https://manual.gromacs.org/current/user-guide/run-time-errors.html
-------------------------------------------------------
ERROR on bond 5
               :-) GROMACS - gmx distance, 2023.4-conda_forge (-:

Executable:   /home/anacleto/anaconda3/bin.AVX2_256/gmx
Data prefix:  /home/anacleto/anaconda3
Working dir:  /tmp/bonds_work_u9prys9x
Command line:
  gmx distance -f /tmp/gmx_pbc_v1kfs04r/mapped_center_fit.xtc -n temp_bond_5.ndx -s /home/anacleto/projects/github/bayesian_potentials/examples/example_1_map_aa_to_cg/results/CG.tpr -oall bonds/bond_5.xvg -xvg none


-------------------------------------------------------
Program:     gmx distance, version 2023.4-conda_forge
Source file: src/gromacs/commandline/cmdlineparser.cpp (line 271)
Function:    void gmx::CommandLineParser::parse(int*, char**)

Error in user input:
Invalid command-line options
  In command-line option -f
    File '/tmp/gmx_pbc_v1kfs04r/mapped_center_fit.xtc' does not exist or is
    not accessible.
    The file could not be opened.
      Reason: No such file or directory
      (call to fopen() returned error code 2)

For more information and tips for troubleshooting, please check the GROMACS
website at https://manual.gromacs.org/current/user-guide/run-time-errors.html
-------------------------------------------------------
ERROR on bond 6
               :-) GROMACS - gmx distance, 2023.4-conda_forge (-:

Executable:   /home/anacleto/anaconda3/bin.AVX2_256/gmx
Data prefix:  /home/anacleto/anaconda3
Working dir:  /tmp/bonds_work_u9prys9x
Command line:
  gmx distance -f /tmp/gmx_pbc_v1kfs04r/mapped_center_fit.xtc -n temp_bond_6.ndx -s /home/anacleto/projects/github/bayesian_potentials/examples/example_1_map_aa_to_cg/results/CG.tpr -oall bonds/bond_6.xvg -xvg none


-------------------------------------------------------
Program:     gmx distance, version 2023.4-conda_forge
Source file: src/gromacs/commandline/cmdlineparser.cpp (line 271)
Function:    void gmx::CommandLineParser::parse(int*, char**)

Error in user input:
Invalid command-line options
  In command-line option -f
    File '/tmp/gmx_pbc_v1kfs04r/mapped_center_fit.xtc' does not exist or is
    not accessible.
    The file could not be opened.
      Reason: No such file or directory
      (call to fopen() returned error code 2)

For more information and tips for troubleshooting, please check the GROMACS
website at https://manual.gromacs.org/current/user-guide/run-time-errors.html
-------------------------------------------------------
ERROR on bond 7
               :-) GROMACS - gmx distance, 2023.4-conda_forge (-:

Executable:   /home/anacleto/anaconda3/bin.AVX2_256/gmx
Data prefix:  /home/anacleto/anaconda3
Working dir:  /tmp/bonds_work_u9prys9x
Command line:
  gmx distance -f /tmp/gmx_pbc_v1kfs04r/mapped_center_fit.xtc -n temp_bond_7.ndx -s /home/anacleto/projects/github/bayesian_potentials/examples/example_1_map_aa_to_cg/results/CG.tpr -oall bonds/bond_7.xvg -xvg none


-------------------------------------------------------
Program:     gmx distance, version 2023.4-conda_forge
Source file: src/gromacs/commandline/cmdlineparser.cpp (line 271)
Function:    void gmx::CommandLineParser::parse(int*, char**)

Error in user input:
Invalid command-line options
  In command-line option -f
    File '/tmp/gmx_pbc_v1kfs04r/mapped_center_fit.xtc' does not exist or is
    not accessible.
    The file could not be opened.
      Reason: No such file or directory
      (call to fopen() returned error code 2)

For more information and tips for troubleshooting, please check the GROMACS
website at https://manual.gromacs.org/current/user-guide/run-time-errors.html
-------------------------------------------------------
ERROR on bond 8
               :-) GROMACS - gmx distance, 2023.4-conda_forge (-:

Executable:   /home/anacleto/anaconda3/bin.AVX2_256/gmx
Data prefix:  /home/anacleto/anaconda3
Working dir:  /tmp/bonds_work_u9prys9x
Command line:
  gmx distance -f /tmp/gmx_pbc_v1kfs04r/mapped_center_fit.xtc -n temp_bond_8.ndx -s /home/anacleto/projects/github/bayesian_potentials/examples/example_1_map_aa_to_cg/results/CG.tpr -oall bonds/bond_8.xvg -xvg none


-------------------------------------------------------
Program:     gmx distance, version 2023.4-conda_forge
Source file: src/gromacs/commandline/cmdlineparser.cpp (line 271)
Function:    void gmx::CommandLineParser::parse(int*, char**)

Error in user input:
Invalid command-line options
  In command-line option -f
    File '/tmp/gmx_pbc_v1kfs04r/mapped_center_fit.xtc' does not exist or is
    not accessible.
    The file could not be opened.
      Reason: No such file or directory
      (call to fopen() returned error code 2)

For more information and tips for troubleshooting, please check the GROMACS
website at https://manual.gromacs.org/current/user-guide/run-time-errors.html
-------------------------------------------------------
ERROR on bond 9
               :-) GROMACS - gmx distance, 2023.4-conda_forge (-:

Executable:   /home/anacleto/anaconda3/bin.AVX2_256/gmx
Data prefix:  /home/anacleto/anaconda3
Working dir:  /tmp/bonds_work_u9prys9x
Command line:
  gmx distance -f /tmp/gmx_pbc_v1kfs04r/mapped_center_fit.xtc -n temp_bond_9.ndx -s /home/anacleto/projects/github/bayesian_potentials/examples/example_1_map_aa_to_cg/results/CG.tpr -oall bonds/bond_9.xvg -xvg none


-------------------------------------------------------
Program:     gmx distance, version 2023.4-conda_forge
Source file: src/gromacs/commandline/cmdlineparser.cpp (line 271)
Function:    void gmx::CommandLineParser::parse(int*, char**)

Error in user input:
Invalid command-line options
  In command-line option -f
    File '/tmp/gmx_pbc_v1kfs04r/mapped_center_fit.xtc' does not exist or is
    not accessible.
    The file could not be opened.
      Reason: No such file or directory
      (call to fopen() returned error code 2)

For more information and tips for troubleshooting, please check the GROMACS
website at https://manual.gromacs.org/current/user-guide/run-time-errors.html
-------------------------------------------------------
ERROR on bond 10
               :-) GROMACS - gmx distance, 2023.4-conda_forge (-:

Executable:   /home/anacleto/anaconda3/bin.AVX2_256/gmx
Data prefix:  /home/anacleto/anaconda3
Working dir:  /tmp/bonds_work_u9prys9x
Command line:
  gmx distance -f /tmp/gmx_pbc_v1kfs04r/mapped_center_fit.xtc -n temp_bond_10.ndx -s /home/anacleto/projects/github/bayesian_potentials/examples/example_1_map_aa_to_cg/results/CG.tpr -oall bonds/bond_10.xvg -xvg none


-------------------------------------------------------
Program:     gmx distance, version 2023.4-conda_forge
Source file: src/gromacs/commandline/cmdlineparser.cpp (line 271)
Function:    void gmx::CommandLineParser::parse(int*, char**)

Error in user input:
Invalid command-line options
  In command-line option -f
    File '/tmp/gmx_pbc_v1kfs04r/mapped_center_fit.xtc' does not exist or is
    not accessible.
    The file could not be opened.
      Reason: No such file or directory
      (call to fopen() returned error code 2)

For more information and tips for troubleshooting, please check the GROMACS
website at https://manual.gromacs.org/current/user-guide/run-time-errors.html
-------------------------------------------------------
ERROR on bond 11
               :-) GROMACS - gmx distance, 2023.4-conda_forge (-:

Executable:   /home/anacleto/anaconda3/bin.AVX2_256/gmx
Data prefix:  /home/anacleto/anaconda3
Working dir:  /tmp/bonds_work_u9prys9x
Command line:
  gmx distance -f /tmp/gmx_pbc_v1kfs04r/mapped_center_fit.xtc -n temp_bond_11.ndx -s /home/anacleto/projects/github/bayesian_potentials/examples/example_1_map_aa_to_cg/results/CG.tpr -oall bonds/bond_11.xvg -xvg none


-------------------------------------------------------
Program:     gmx distance, version 2023.4-conda_forge
Source file: src/gromacs/commandline/cmdlineparser.cpp (line 271)
Function:    void gmx::CommandLineParser::parse(int*, char**)

Error in user input:
Invalid command-line options
  In command-line option -f
    File '/tmp/gmx_pbc_v1kfs04r/mapped_center_fit.xtc' does not exist or is
    not accessible.
    The file could not be opened.
      Reason: No such file or directory
      (call to fopen() returned error code 2)

For more information and tips for troubleshooting, please check the GROMACS
website at https://manual.gromacs.org/current/user-guide/run-time-errors.html
-------------------------------------------------------
ERROR on bond 12
               :-) GROMACS - gmx distance, 2023.4-conda_forge (-:

Executable:   /home/anacleto/anaconda3/bin.AVX2_256/gmx
Data prefix:  /home/anacleto/anaconda3
Working dir:  /tmp/bonds_work_u9prys9x
Command line:
  gmx distance -f /tmp/gmx_pbc_v1kfs04r/mapped_center_fit.xtc -n temp_bond_12.ndx -s /home/anacleto/projects/github/bayesian_potentials/examples/example_1_map_aa_to_cg/results/CG.tpr -oall bonds/bond_12.xvg -xvg none


-------------------------------------------------------
Program:     gmx distance, version 2023.4-conda_forge
Source file: src/gromacs/commandline/cmdlineparser.cpp (line 271)
Function:    void gmx::CommandLineParser::parse(int*, char**)

Error in user input:
Invalid command-line options
  In command-line option -f
    File '/tmp/gmx_pbc_v1kfs04r/mapped_center_fit.xtc' does not exist or is
    not accessible.
    The file could not be opened.
      Reason: No such file or directory
      (call to fopen() returned error code 2)

For more information and tips for troubleshooting, please check the GROMACS
website at https://manual.gromacs.org/current/user-guide/run-time-errors.html
-------------------------------------------------------
ERROR on bond 13
               :-) GROMACS - gmx distance, 2023.4-conda_forge (-:

Executable:   /home/anacleto/anaconda3/bin.AVX2_256/gmx
Data prefix:  /home/anacleto/anaconda3
Working dir:  /tmp/bonds_work_u9prys9x
Command line:
  gmx distance -f /tmp/gmx_pbc_v1kfs04r/mapped_center_fit.xtc -n temp_bond_13.ndx -s /home/anacleto/projects/github/bayesian_potentials/examples/example_1_map_aa_to_cg/results/CG.tpr -oall bonds/bond_13.xvg -xvg none


-------------------------------------------------------
Program:     gmx distance, version 2023.4-conda_forge
Source file: src/gromacs/commandline/cmdlineparser.cpp (line 271)
Function:    void gmx::CommandLineParser::parse(int*, char**)

Error in user input:
Invalid command-line options
  In command-line option -f
    File '/tmp/gmx_pbc_v1kfs04r/mapped_center_fit.xtc' does not exist or is
    not accessible.
    The file could not be opened.
      Reason: No such file or directory
      (call to fopen() returned error code 2)

For more information and tips for troubleshooting, please check the GROMACS
website at https://manual.gromacs.org/current/user-guide/run-time-errors.html
-------------------------------------------------------
ERROR on bond 14
               :-) GROMACS - gmx distance, 2023.4-conda_forge (-:

Executable:   /home/anacleto/anaconda3/bin.AVX2_256/gmx
Data prefix:  /home/anacleto/anaconda3
Working dir:  /tmp/bonds_work_u9prys9x
Command line:
  gmx distance -f /tmp/gmx_pbc_v1kfs04r/mapped_center_fit.xtc -n temp_bond_14.ndx -s /home/anacleto/projects/github/bayesian_potentials/examples/example_1_map_aa_to_cg/results/CG.tpr -oall bonds/bond_14.xvg -xvg none


-------------------------------------------------------
Program:     gmx distance, version 2023.4-conda_forge
Source file: src/gromacs/commandline/cmdlineparser.cpp (line 271)
Function:    void gmx::CommandLineParser::parse(int*, char**)

Error in user input:
Invalid command-line options
  In command-line option -f
    File '/tmp/gmx_pbc_v1kfs04r/mapped_center_fit.xtc' does not exist or is
    not accessible.
    The file could not be opened.
      Reason: No such file or directory
      (call to fopen() returned error code 2)

For more information and tips for troubleshooting, please check the GROMACS
website at https://manual.gromacs.org/current/user-guide/run-time-errors.html
-------------------------------------------------------
ERROR on bond 15
               :-) GROMACS - gmx distance, 2023.4-conda_forge (-:

Executable:   /home/anacleto/anaconda3/bin.AVX2_256/gmx
Data prefix:  /home/anacleto/anaconda3
Working dir:  /tmp/bonds_work_u9prys9x
Command line:
  gmx distance -f /tmp/gmx_pbc_v1kfs04r/mapped_center_fit.xtc -n temp_bond_15.ndx -s /home/anacleto/projects/github/bayesian_potentials/examples/example_1_map_aa_to_cg/results/CG.tpr -oall bonds/bond_15.xvg -xvg none


-------------------------------------------------------
Program:     gmx distance, version 2023.4-conda_forge
Source file: src/gromacs/commandline/cmdlineparser.cpp (line 271)
Function:    void gmx::CommandLineParser::parse(int*, char**)

Error in user input:
Invalid command-line options
  In command-line option -f
    File '/tmp/gmx_pbc_v1kfs04r/mapped_center_fit.xtc' does not exist or is
    not accessible.
    The file could not be opened.
      Reason: No such file or directory
      (call to fopen() returned error code 2)

For more information and tips for troubleshooting, please check the GROMACS
website at https://manual.gromacs.org/current/user-guide/run-time-errors.html
-------------------------------------------------------
ERROR on bond 16
               :-) GROMACS - gmx distance, 2023.4-conda_forge (-:

Executable:   /home/anacleto/anaconda3/bin.AVX2_256/gmx
Data prefix:  /home/anacleto/anaconda3
Working dir:  /tmp/bonds_work_u9prys9x
Command line:
  gmx distance -f /tmp/gmx_pbc_v1kfs04r/mapped_center_fit.xtc -n temp_bond_16.ndx -s /home/anacleto/projects/github/bayesian_potentials/examples/example_1_map_aa_to_cg/results/CG.tpr -oall bonds/bond_16.xvg -xvg none


-------------------------------------------------------
Program:     gmx distance, version 2023.4-conda_forge
Source file: src/gromacs/commandline/cmdlineparser.cpp (line 271)
Function:    void gmx::CommandLineParser::parse(int*, char**)

Error in user input:
Invalid command-line options
  In command-line option -f
    File '/tmp/gmx_pbc_v1kfs04r/mapped_center_fit.xtc' does not exist or is
    not accessible.
    The file could not be opened.
      Reason: No such file or directory
      (call to fopen() returned error code 2)

For more information and tips for troubleshooting, please check the GROMACS
website at https://manual.gromacs.org/current/user-guide/run-time-errors.html
-------------------------------------------------------
ERROR on bond 17
               :-) GROMACS - gmx distance, 2023.4-conda_forge (-:

Executable:   /home/anacleto/anaconda3/bin.AVX2_256/gmx
Data prefix:  /home/anacleto/anaconda3
Working dir:  /tmp/bonds_work_u9prys9x
Command line:
  gmx distance -f /tmp/gmx_pbc_v1kfs04r/mapped_center_fit.xtc -n temp_bond_17.ndx -s /home/anacleto/projects/github/bayesian_potentials/examples/example_1_map_aa_to_cg/results/CG.tpr -oall bonds/bond_17.xvg -xvg none


-------------------------------------------------------
Program:     gmx distance, version 2023.4-conda_forge
Source file: src/gromacs/commandline/cmdlineparser.cpp (line 271)
Function:    void gmx::CommandLineParser::parse(int*, char**)

Error in user input:
Invalid command-line options
  In command-line option -f
    File '/tmp/gmx_pbc_v1kfs04r/mapped_center_fit.xtc' does not exist or is
    not accessible.
    The file could not be opened.
      Reason: No such file or directory
      (call to fopen() returned error code 2)

For more information and tips for troubleshooting, please check the GROMACS
website at https://manual.gromacs.org/current/user-guide/run-time-errors.html
-------------------------------------------------------
ERROR on bond 18
               :-) GROMACS - gmx distance, 2023.4-conda_forge (-:

Executable:   /home/anacleto/anaconda3/bin.AVX2_256/gmx
Data prefix:  /home/anacleto/anaconda3
Working dir:  /tmp/bonds_work_u9prys9x
Command line:
  gmx distance -f /tmp/gmx_pbc_v1kfs04r/mapped_center_fit.xtc -n temp_bond_18.ndx -s /home/anacleto/projects/github/bayesian_potentials/examples/example_1_map_aa_to_cg/results/CG.tpr -oall bonds/bond_18.xvg -xvg none


-------------------------------------------------------
Program:     gmx distance, version 2023.4-conda_forge
Source file: src/gromacs/commandline/cmdlineparser.cpp (line 271)
Function:    void gmx::CommandLineParser::parse(int*, char**)

Error in user input:
Invalid command-line options
  In command-line option -f
    File '/tmp/gmx_pbc_v1kfs04r/mapped_center_fit.xtc' does not exist or is
    not accessible.
    The file could not be opened.
      Reason: No such file or directory
      (call to fopen() returned error code 2)

For more information and tips for troubleshooting, please check the GROMACS
website at https://manual.gromacs.org/current/user-guide/run-time-errors.html
-------------------------------------------------------
ERROR on bond 19
               :-) GROMACS - gmx distance, 2023.4-conda_forge (-:

Executable:   /home/anacleto/anaconda3/bin.AVX2_256/gmx
Data prefix:  /home/anacleto/anaconda3
Working dir:  /tmp/bonds_work_u9prys9x
Command line:
  gmx distance -f /tmp/gmx_pbc_v1kfs04r/mapped_center_fit.xtc -n temp_bond_19.ndx -s /home/anacleto/projects/github/bayesian_potentials/examples/example_1_map_aa_to_cg/results/CG.tpr -oall bonds/bond_19.xvg -xvg none


-------------------------------------------------------
Program:     gmx distance, version 2023.4-conda_forge
Source file: src/gromacs/commandline/cmdlineparser.cpp (line 271)
Function:    void gmx::CommandLineParser::parse(int*, char**)

Error in user input:
Invalid command-line options
  In command-line option -f
    File '/tmp/gmx_pbc_v1kfs04r/mapped_center_fit.xtc' does not exist or is
    not accessible.
    The file could not be opened.
      Reason: No such file or directory
      (call to fopen() returned error code 2)

For more information and tips for troubleshooting, please check the GROMACS
website at https://manual.gromacs.org/current/user-guide/run-time-errors.html
-------------------------------------------------------
ERROR on bond 20
               :-) GROMACS - gmx distance, 2023.4-conda_forge (-:

Executable:   /home/anacleto/anaconda3/bin.AVX2_256/gmx
Data prefix:  /home/anacleto/anaconda3
Working dir:  /tmp/bonds_work_u9prys9x
Command line:
  gmx distance -f /tmp/gmx_pbc_v1kfs04r/mapped_center_fit.xtc -n temp_bond_20.ndx -s /home/anacleto/projects/github/bayesian_potentials/examples/example_1_map_aa_to_cg/results/CG.tpr -oall bonds/bond_20.xvg -xvg none


-------------------------------------------------------
Program:     gmx distance, version 2023.4-conda_forge
Source file: src/gromacs/commandline/cmdlineparser.cpp (line 271)
Function:    void gmx::CommandLineParser::parse(int*, char**)

Error in user input:
Invalid command-line options
  In command-line option -f
    File '/tmp/gmx_pbc_v1kfs04r/mapped_center_fit.xtc' does not exist or is
    not accessible.
    The file could not be opened.
      Reason: No such file or directory
      (call to fopen() returned error code 2)

For more information and tips for troubleshooting, please check the GROMACS
website at https://manual.gromacs.org/current/user-guide/run-time-errors.html
-------------------------------------------------------
ERROR on bond 21
               :-) GROMACS - gmx distance, 2023.4-conda_forge (-:

Executable:   /home/anacleto/anaconda3/bin.AVX2_256/gmx
Data prefix:  /home/anacleto/anaconda3
Working dir:  /tmp/bonds_work_u9prys9x
Command line:
  gmx distance -f /tmp/gmx_pbc_v1kfs04r/mapped_center_fit.xtc -n temp_bond_21.ndx -s /home/anacleto/projects/github/bayesian_potentials/examples/example_1_map_aa_to_cg/results/CG.tpr -oall bonds/bond_21.xvg -xvg none


-------------------------------------------------------
Program:     gmx distance, version 2023.4-conda_forge
Source file: src/gromacs/commandline/cmdlineparser.cpp (line 271)
Function:    void gmx::CommandLineParser::parse(int*, char**)

Error in user input:
Invalid command-line options
  In command-line option -f
    File '/tmp/gmx_pbc_v1kfs04r/mapped_center_fit.xtc' does not exist or is
    not accessible.
    The file could not be opened.
      Reason: No such file or directory
      (call to fopen() returned error code 2)

For more information and tips for troubleshooting, please check the GROMACS
website at https://manual.gromacs.org/current/user-guide/run-time-errors.html
-------------------------------------------------------
ERROR on bond 22
               :-) GROMACS - gmx distance, 2023.4-conda_forge (-:

Executable:   /home/anacleto/anaconda3/bin.AVX2_256/gmx
Data prefix:  /home/anacleto/anaconda3
Working dir:  /tmp/bonds_work_u9prys9x
Command line:
  gmx distance -f /tmp/gmx_pbc_v1kfs04r/mapped_center_fit.xtc -n temp_bond_22.ndx -s /home/anacleto/projects/github/bayesian_potentials/examples/example_1_map_aa_to_cg/results/CG.tpr -oall bonds/bond_22.xvg -xvg none


-------------------------------------------------------
Program:     gmx distance, version 2023.4-conda_forge
Source file: src/gromacs/commandline/cmdlineparser.cpp (line 271)
Function:    void gmx::CommandLineParser::parse(int*, char**)

Error in user input:
Invalid command-line options
  In command-line option -f
    File '/tmp/gmx_pbc_v1kfs04r/mapped_center_fit.xtc' does not exist or is
    not accessible.
    The file could not be opened.
      Reason: No such file or directory
      (call to fopen() returned error code 2)

For more information and tips for troubleshooting, please check the GROMACS
website at https://manual.gromacs.org/current/user-guide/run-time-errors.html
-------------------------------------------------------
ERROR on bond 23
               :-) GROMACS - gmx distance, 2023.4-conda_forge (-:

Executable:   /home/anacleto/anaconda3/bin.AVX2_256/gmx
Data prefix:  /home/anacleto/anaconda3
Working dir:  /tmp/bonds_work_u9prys9x
Command line:
  gmx distance -f /tmp/gmx_pbc_v1kfs04r/mapped_center_fit.xtc -n temp_bond_23.ndx -s /home/anacleto/projects/github/bayesian_potentials/examples/example_1_map_aa_to_cg/results/CG.tpr -oall bonds/bond_23.xvg -xvg none


-------------------------------------------------------
Program:     gmx distance, version 2023.4-conda_forge
Source file: src/gromacs/commandline/cmdlineparser.cpp (line 271)
Function:    void gmx::CommandLineParser::parse(int*, char**)

Error in user input:
Invalid command-line options
  In command-line option -f
    File '/tmp/gmx_pbc_v1kfs04r/mapped_center_fit.xtc' does not exist or is
    not accessible.
    The file could not be opened.
      Reason: No such file or directory
      (call to fopen() returned error code 2)

For more information and tips for troubleshooting, please check the GROMACS
website at https://manual.gromacs.org/current/user-guide/run-time-errors.html
-------------------------------------------------------
ERROR on bond 24
               :-) GROMACS - gmx distance, 2023.4-conda_forge (-:

Executable:   /home/anacleto/anaconda3/bin.AVX2_256/gmx
Data prefix:  /home/anacleto/anaconda3
Working dir:  /tmp/bonds_work_u9prys9x
Command line:
  gmx distance -f /tmp/gmx_pbc_v1kfs04r/mapped_center_fit.xtc -n temp_bond_24.ndx -s /home/anacleto/projects/github/bayesian_potentials/examples/example_1_map_aa_to_cg/results/CG.tpr -oall bonds/bond_24.xvg -xvg none


-------------------------------------------------------
Program:     gmx distance, version 2023.4-conda_forge
Source file: src/gromacs/commandline/cmdlineparser.cpp (line 271)
Function:    void gmx::CommandLineParser::parse(int*, char**)

Error in user input:
Invalid command-line options
  In command-line option -f
    File '/tmp/gmx_pbc_v1kfs04r/mapped_center_fit.xtc' does not exist or is
    not accessible.
    The file could not be opened.
      Reason: No such file or directory
      (call to fopen() returned error code 2)

For more information and tips for troubleshooting, please check the GROMACS
website at https://manual.gromacs.org/current/user-guide/run-time-errors.html
-------------------------------------------------------
ERROR on bond 25
               :-) GROMACS - gmx distance, 2023.4-conda_forge (-:

Executable:   /home/anacleto/anaconda3/bin.AVX2_256/gmx
Data prefix:  /home/anacleto/anaconda3
Working dir:  /tmp/bonds_work_u9prys9x
Command line:
  gmx distance -f /tmp/gmx_pbc_v1kfs04r/mapped_center_fit.xtc -n temp_bond_25.ndx -s /home/anacleto/projects/github/bayesian_potentials/examples/example_1_map_aa_to_cg/results/CG.tpr -oall bonds/bond_25.xvg -xvg none


-------------------------------------------------------
Program:     gmx distance, version 2023.4-conda_forge
Source file: src/gromacs/commandline/cmdlineparser.cpp (line 271)
Function:    void gmx::CommandLineParser::parse(int*, char**)

Error in user input:
Invalid command-line options
  In command-line option -f
    File '/tmp/gmx_pbc_v1kfs04r/mapped_center_fit.xtc' does not exist or is
    not accessible.
    The file could not be opened.
      Reason: No such file or directory
      (call to fopen() returned error code 2)

For more information and tips for troubleshooting, please check the GROMACS
website at https://manual.gromacs.org/current/user-guide/run-time-errors.html
-------------------------------------------------------
ERROR on bond 26
               :-) GROMACS - gmx distance, 2023.4-conda_forge (-:

Executable:   /home/anacleto/anaconda3/bin.AVX2_256/gmx
Data prefix:  /home/anacleto/anaconda3
Working dir:  /tmp/bonds_work_u9prys9x
Command line:
  gmx distance -f /tmp/gmx_pbc_v1kfs04r/mapped_center_fit.xtc -n temp_bond_26.ndx -s /home/anacleto/projects/github/bayesian_potentials/examples/example_1_map_aa_to_cg/results/CG.tpr -oall bonds/bond_26.xvg -xvg none


-------------------------------------------------------
Program:     gmx distance, version 2023.4-conda_forge
Source file: src/gromacs/commandline/cmdlineparser.cpp (line 271)
Function:    void gmx::CommandLineParser::parse(int*, char**)

Error in user input:
Invalid command-line options
  In command-line option -f
    File '/tmp/gmx_pbc_v1kfs04r/mapped_center_fit.xtc' does not exist or is
    not accessible.
    The file could not be opened.
      Reason: No such file or directory
      (call to fopen() returned error code 2)

For more information and tips for troubleshooting, please check the GROMACS
website at https://manual.gromacs.org/current/user-guide/run-time-errors.html
-------------------------------------------------------
ERROR on bond 27
               :-) GROMACS - gmx distance, 2023.4-conda_forge (-:

Executable:   /home/anacleto/anaconda3/bin.AVX2_256/gmx
Data prefix:  /home/anacleto/anaconda3
Working dir:  /tmp/bonds_work_u9prys9x
Command line:
  gmx distance -f /tmp/gmx_pbc_v1kfs04r/mapped_center_fit.xtc -n temp_bond_27.ndx -s /home/anacleto/projects/github/bayesian_potentials/examples/example_1_map_aa_to_cg/results/CG.tpr -oall bonds/bond_27.xvg -xvg none


-------------------------------------------------------
Program:     gmx distance, version 2023.4-conda_forge
Source file: src/gromacs/commandline/cmdlineparser.cpp (line 271)
Function:    void gmx::CommandLineParser::parse(int*, char**)

Error in user input:
Invalid command-line options
  In command-line option -f
    File '/tmp/gmx_pbc_v1kfs04r/mapped_center_fit.xtc' does not exist or is
    not accessible.
    The file could not be opened.
      Reason: No such file or directory
      (call to fopen() returned error code 2)

For more information and tips for troubleshooting, please check the GROMACS
website at https://manual.gromacs.org/current/user-guide/run-time-errors.html
-------------------------------------------------------
ERROR on bond 28
               :-) GROMACS - gmx distance, 2023.4-conda_forge (-:

Executable:   /home/anacleto/anaconda3/bin.AVX2_256/gmx
Data prefix:  /home/anacleto/anaconda3
Working dir:  /tmp/bonds_work_u9prys9x
Command line:
  gmx distance -f /tmp/gmx_pbc_v1kfs04r/mapped_center_fit.xtc -n temp_bond_28.ndx -s /home/anacleto/projects/github/bayesian_potentials/examples/example_1_map_aa_to_cg/results/CG.tpr -oall bonds/bond_28.xvg -xvg none


-------------------------------------------------------
Program:     gmx distance, version 2023.4-conda_forge
Source file: src/gromacs/commandline/cmdlineparser.cpp (line 271)
Function:    void gmx::CommandLineParser::parse(int*, char**)

Error in user input:
Invalid command-line options
  In command-line option -f
    File '/tmp/gmx_pbc_v1kfs04r/mapped_center_fit.xtc' does not exist or is
    not accessible.
    The file could not be opened.
      Reason: No such file or directory
      (call to fopen() returned error code 2)

For more information and tips for troubleshooting, please check the GROMACS
website at https://manual.gromacs.org/current/user-guide/run-time-errors.html
-------------------------------------------------------
ERROR on bond 29
               :-) GROMACS - gmx distance, 2023.4-conda_forge (-:

Executable:   /home/anacleto/anaconda3/bin.AVX2_256/gmx
Data prefix:  /home/anacleto/anaconda3
Working dir:  /tmp/bonds_work_u9prys9x
Command line:
  gmx distance -f /tmp/gmx_pbc_v1kfs04r/mapped_center_fit.xtc -n temp_bond_29.ndx -s /home/anacleto/projects/github/bayesian_potentials/examples/example_1_map_aa_to_cg/results/CG.tpr -oall bonds/bond_29.xvg -xvg none


-------------------------------------------------------
Program:     gmx distance, version 2023.4-conda_forge
Source file: src/gromacs/commandline/cmdlineparser.cpp (line 271)
Function:    void gmx::CommandLineParser::parse(int*, char**)

Error in user input:
Invalid command-line options
  In command-line option -f
    File '/tmp/gmx_pbc_v1kfs04r/mapped_center_fit.xtc' does not exist or is
    not accessible.
    The file could not be opened.
      Reason: No such file or directory
      (call to fopen() returned error code 2)

For more information and tips for troubleshooting, please check the GROMACS
website at https://manual.gromacs.org/current/user-guide/run-time-errors.html
-------------------------------------------------------
ERROR on bond 30
               :-) GROMACS - gmx distance, 2023.4-conda_forge (-:

Executable:   /home/anacleto/anaconda3/bin.AVX2_256/gmx
Data prefix:  /home/anacleto/anaconda3
Working dir:  /tmp/bonds_work_u9prys9x
Command line:
  gmx distance -f /tmp/gmx_pbc_v1kfs04r/mapped_center_fit.xtc -n temp_bond_30.ndx -s /home/anacleto/projects/github/bayesian_potentials/examples/example_1_map_aa_to_cg/results/CG.tpr -oall bonds/bond_30.xvg -xvg none


-------------------------------------------------------
Program:     gmx distance, version 2023.4-conda_forge
Source file: src/gromacs/commandline/cmdlineparser.cpp (line 271)
Function:    void gmx::CommandLineParser::parse(int*, char**)

Error in user input:
Invalid command-line options
  In command-line option -f
    File '/tmp/gmx_pbc_v1kfs04r/mapped_center_fit.xtc' does not exist or is
    not accessible.
    The file could not be opened.
      Reason: No such file or directory
      (call to fopen() returned error code 2)

For more information and tips for troubleshooting, please check the GROMACS
website at https://manual.gromacs.org/current/user-guide/run-time-errors.html
-------------------------------------------------------
ERROR on bond 31
               :-) GROMACS - gmx distance, 2023.4-conda_forge (-:

Executable:   /home/anacleto/anaconda3/bin.AVX2_256/gmx
Data prefix:  /home/anacleto/anaconda3
Working dir:  /tmp/bonds_work_u9prys9x
Command line:
  gmx distance -f /tmp/gmx_pbc_v1kfs04r/mapped_center_fit.xtc -n temp_bond_31.ndx -s /home/anacleto/projects/github/bayesian_potentials/examples/example_1_map_aa_to_cg/results/CG.tpr -oall bonds/bond_31.xvg -xvg none


-------------------------------------------------------
Program:     gmx distance, version 2023.4-conda_forge
Source file: src/gromacs/commandline/cmdlineparser.cpp (line 271)
Function:    void gmx::CommandLineParser::parse(int*, char**)

Error in user input:
Invalid command-line options
  In command-line option -f
    File '/tmp/gmx_pbc_v1kfs04r/mapped_center_fit.xtc' does not exist or is
    not accessible.
    The file could not be opened.
      Reason: No such file or directory
      (call to fopen() returned error code 2)

For more information and tips for troubleshooting, please check the GROMACS
website at https://manual.gromacs.org/current/user-guide/run-time-errors.html
-------------------------------------------------------
ERROR on bond 32
               :-) GROMACS - gmx distance, 2023.4-conda_forge (-:

Executable:   /home/anacleto/anaconda3/bin.AVX2_256/gmx
Data prefix:  /home/anacleto/anaconda3
Working dir:  /tmp/bonds_work_u9prys9x
Command line:
  gmx distance -f /tmp/gmx_pbc_v1kfs04r/mapped_center_fit.xtc -n temp_bond_32.ndx -s /home/anacleto/projects/github/bayesian_potentials/examples/example_1_map_aa_to_cg/results/CG.tpr -oall bonds/bond_32.xvg -xvg none


-------------------------------------------------------
Program:     gmx distance, version 2023.4-conda_forge
Source file: src/gromacs/commandline/cmdlineparser.cpp (line 271)
Function:    void gmx::CommandLineParser::parse(int*, char**)

Error in user input:
Invalid command-line options
  In command-line option -f
    File '/tmp/gmx_pbc_v1kfs04r/mapped_center_fit.xtc' does not exist or is
    not accessible.
    The file could not be opened.
      Reason: No such file or directory
      (call to fopen() returned error code 2)

For more information and tips for troubleshooting, please check the GROMACS
website at https://manual.gromacs.org/current/user-guide/run-time-errors.html
-------------------------------------------------------
ERROR on bond 33
               :-) GROMACS - gmx distance, 2023.4-conda_forge (-:

Executable:   /home/anacleto/anaconda3/bin.AVX2_256/gmx
Data prefix:  /home/anacleto/anaconda3
Working dir:  /tmp/bonds_work_u9prys9x
Command line:
  gmx distance -f /tmp/gmx_pbc_v1kfs04r/mapped_center_fit.xtc -n temp_bond_33.ndx -s /home/anacleto/projects/github/bayesian_potentials/examples/example_1_map_aa_to_cg/results/CG.tpr -oall bonds/bond_33.xvg -xvg none


-------------------------------------------------------
Program:     gmx distance, version 2023.4-conda_forge
Source file: src/gromacs/commandline/cmdlineparser.cpp (line 271)
Function:    void gmx::CommandLineParser::parse(int*, char**)

Error in user input:
Invalid command-line options
  In command-line option -f
    File '/tmp/gmx_pbc_v1kfs04r/mapped_center_fit.xtc' does not exist or is
    not accessible.
    The file could not be opened.
      Reason: No such file or directory
      (call to fopen() returned error code 2)

For more information and tips for troubleshooting, please check the GROMACS
website at https://manual.gromacs.org/current/user-guide/run-time-errors.html
-------------------------------------------------------
ERROR on bond 34
               :-) GROMACS - gmx distance, 2023.4-conda_forge (-:

Executable:   /home/anacleto/anaconda3/bin.AVX2_256/gmx
Data prefix:  /home/anacleto/anaconda3
Working dir:  /tmp/bonds_work_u9prys9x
Command line:
  gmx distance -f /tmp/gmx_pbc_v1kfs04r/mapped_center_fit.xtc -n temp_bond_34.ndx -s /home/anacleto/projects/github/bayesian_potentials/examples/example_1_map_aa_to_cg/results/CG.tpr -oall bonds/bond_34.xvg -xvg none


-------------------------------------------------------
Program:     gmx distance, version 2023.4-conda_forge
Source file: src/gromacs/commandline/cmdlineparser.cpp (line 271)
Function:    void gmx::CommandLineParser::parse(int*, char**)

Error in user input:
Invalid command-line options
  In command-line option -f
    File '/tmp/gmx_pbc_v1kfs04r/mapped_center_fit.xtc' does not exist or is
    not accessible.
    The file could not be opened.
      Reason: No such file or directory
      (call to fopen() returned error code 2)

For more information and tips for troubleshooting, please check the GROMACS
website at https://manual.gromacs.org/current/user-guide/run-time-errors.html
-------------------------------------------------------
ERROR on bond 35
               :-) GROMACS - gmx distance, 2023.4-conda_forge (-:

Executable:   /home/anacleto/anaconda3/bin.AVX2_256/gmx
Data prefix:  /home/anacleto/anaconda3
Working dir:  /tmp/bonds_work_u9prys9x
Command line:
  gmx distance -f /tmp/gmx_pbc_v1kfs04r/mapped_center_fit.xtc -n temp_bond_35.ndx -s /home/anacleto/projects/github/bayesian_potentials/examples/example_1_map_aa_to_cg/results/CG.tpr -oall bonds/bond_35.xvg -xvg none


-------------------------------------------------------
Program:     gmx distance, version 2023.4-conda_forge
Source file: src/gromacs/commandline/cmdlineparser.cpp (line 271)
Function:    void gmx::CommandLineParser::parse(int*, char**)

Error in user input:
Invalid command-line options
  In command-line option -f
    File '/tmp/gmx_pbc_v1kfs04r/mapped_center_fit.xtc' does not exist or is
    not accessible.
    The file could not be opened.
      Reason: No such file or directory
      (call to fopen() returned error code 2)

For more information and tips for troubleshooting, please check the GROMACS
website at https://manual.gromacs.org/current/user-guide/run-time-errors.html
-------------------------------------------------------
ERROR on bond 36
               :-) GROMACS - gmx distance, 2023.4-conda_forge (-:

Executable:   /home/anacleto/anaconda3/bin.AVX2_256/gmx
Data prefix:  /home/anacleto/anaconda3
Working dir:  /tmp/bonds_work_u9prys9x
Command line:
  gmx distance -f /tmp/gmx_pbc_v1kfs04r/mapped_center_fit.xtc -n temp_bond_36.ndx -s /home/anacleto/projects/github/bayesian_potentials/examples/example_1_map_aa_to_cg/results/CG.tpr -oall bonds/bond_36.xvg -xvg none


-------------------------------------------------------
Program:     gmx distance, version 2023.4-conda_forge
Source file: src/gromacs/commandline/cmdlineparser.cpp (line 271)
Function:    void gmx::CommandLineParser::parse(int*, char**)

Error in user input:
Invalid command-line options
  In command-line option -f
    File '/tmp/gmx_pbc_v1kfs04r/mapped_center_fit.xtc' does not exist or is
    not accessible.
    The file could not be opened.
      Reason: No such file or directory
      (call to fopen() returned error code 2)

For more information and tips for troubleshooting, please check the GROMACS
website at https://manual.gromacs.org/current/user-guide/run-time-errors.html
-------------------------------------------------------
