ERROR on dihedral 0
                :-) GROMACS - gmx angle, 2023.4-conda_forge (-:

Executable:   /home/anacleto/anaconda3/bin.AVX2_256/gmx
Data prefix:  /home/anacleto/anaconda3
Working dir:  /tmp/dihedrals_work_kyko41o5
Command line:
  gmx angle -type dihedral -f /tmp/gmx_pbc_v1kfs04r/mapped_center_fit.xtc -n temp_dih_0.ndx -ov dihedrals/dih_0.xvg


-------------------------------------------------------
Program:     gmx angle, version 2023.4-conda_forge
Source file: src/gromacs/commandline/cmdlineparser.cpp (line 271)
Function:    void gmx::CommandLineParser::parse(int*, char**)

Error in user input:
Invalid command-line options
  In command-line option -f
    File '/tmp/gmx_pbc_v1kfs04r/mapped_center_fit.xtc' does not exist or is
    not accessible.
    The file could not be opened.
      Reason: No such file or directory
      (call to fopen() returned error code 2)

For more information and tips for troubleshooting, please check the GROMACS
website at https://manual.gromacs.org/current/user-guide/run-time-errors.html
-------------------------------------------------------
ERROR on dihedral 1
                :-) GROMACS - gmx angle, 2023.4-conda_forge (-:

Executable:   /home/anacleto/anaconda3/bin.AVX2_256/gmx
Data prefix:  /home/anacleto/anaconda3
Working dir:  /tmp/dihedrals_work_kyko41o5
Command line:
  gmx angle -type dihedral -f /tmp/gmx_pbc_v1kfs04r/mapped_center_fit.xtc -n temp_dih_1.ndx -ov dihedrals/dih_1.xvg


-------------------------------------------------------
Program:     gmx angle, version 2023.4-conda_forge
Source file: src/gromacs/commandline/cmdlineparser.cpp (line 271)
Function:    void gmx::CommandLineParser::parse(int*, char**)

Error in user input:
Invalid command-line options
  In command-line option -f
    File '/tmp/gmx_pbc_v1kfs04r/mapped_center_fit.xtc' does not exist or is
    not accessible.
    The file could not be opened.
      Reason: No such file or directory
      (call to fopen() returned error code 2)

For more information and tips for troubleshooting, please check the GROMACS
website at https://manual.gromacs.org/current/user-guide/run-time-errors.html
-------------------------------------------------------
ERROR on dihedral 2
                :-) GROMACS - gmx angle, 2023.4-conda_forge (-:

Executable:   /home/anacleto/anaconda3/bin.AVX2_256/gmx
Data prefix:  /home/anacleto/anaconda3
Working dir:  /tmp/dihedrals_work_kyko41o5
Command line:
  gmx angle -type dihedral -f /tmp/gmx_pbc_v1kfs04r/mapped_center_fit.xtc -n temp_dih_2.ndx -ov dihedrals/dih_2.xvg


-------------------------------------------------------
Program:     gmx angle, version 2023.4-conda_forge
Source file: src/gromacs/commandline/cmdlineparser.cpp (line 271)
Function:    void gmx::CommandLineParser::parse(int*, char**)

Error in user input:
Invalid command-line options
  In command-line option -f
    File '/tmp/gmx_pbc_v1kfs04r/mapped_center_fit.xtc' does not exist or is
    not accessible.
    The file could not be opened.
      Reason: No such file or directory
      (call to fopen() returned error code 2)

For more information and tips for troubleshooting, please check the GROMACS
website at https://manual.gromacs.org/current/user-guide/run-time-errors.html
-------------------------------------------------------
ERROR on dihedral 3
                :-) GROMACS - gmx angle, 2023.4-conda_forge (-:

Executable:   /home/anacleto/anaconda3/bin.AVX2_256/gmx
Data prefix:  /home/anacleto/anaconda3
Working dir:  /tmp/dihedrals_work_kyko41o5
Command line:
  gmx angle -type dihedral -f /tmp/gmx_pbc_v1kfs04r/mapped_center_fit.xtc -n temp_dih_3.ndx -ov dihedrals/dih_3.xvg


-------------------------------------------------------
Program:     gmx angle, version 2023.4-conda_forge
Source file: src/gromacs/commandline/cmdlineparser.cpp (line 271)
Function:    void gmx::CommandLineParser::parse(int*, char**)

Error in user input:
Invalid command-line options
  In command-line option -f
    File '/tmp/gmx_pbc_v1kfs04r/mapped_center_fit.xtc' does not exist or is
    not accessible.
    The file could not be opened.
      Reason: No such file or directory
      (call to fopen() returned error code 2)

For more information and tips for troubleshooting, please check the GROMACS
website at https://manual.gromacs.org/current/user-guide/run-time-errors.html
-------------------------------------------------------
ERROR on dihedral 4
                :-) GROMACS - gmx angle, 2023.4-conda_forge (-:

Executable:   /home/anacleto/anaconda3/bin.AVX2_256/gmx
Data prefix:  /home/anacleto/anaconda3
Working dir:  /tmp/dihedrals_work_kyko41o5
Command line:
  gmx angle -type dihedral -f /tmp/gmx_pbc_v1kfs04r/mapped_center_fit.xtc -n temp_dih_4.ndx -ov dihedrals/dih_4.xvg


-------------------------------------------------------
Program:     gmx angle, version 2023.4-conda_forge
Source file: src/gromacs/commandline/cmdlineparser.cpp (line 271)
Function:    void gmx::CommandLineParser::parse(int*, char**)

Error in user input:
Invalid command-line options
  In command-line option -f
    File '/tmp/gmx_pbc_v1kfs04r/mapped_center_fit.xtc' does not exist or is
    not accessible.
    The file could not be opened.
      Reason: No such file or directory
      (call to fopen() returned error code 2)

For more information and tips for troubleshooting, please check the GROMACS
website at https://manual.gromacs.org/current/user-guide/run-time-errors.html
-------------------------------------------------------
ERROR on dihedral 5
                :-) GROMACS - gmx angle, 2023.4-conda_forge (-:

Executable:   /home/anacleto/anaconda3/bin.AVX2_256/gmx
Data prefix:  /home/anacleto/anaconda3
Working dir:  /tmp/dihedrals_work_kyko41o5
Command line:
  gmx angle -type dihedral -f /tmp/gmx_pbc_v1kfs04r/mapped_center_fit.xtc -n temp_dih_5.ndx -ov dihedrals/dih_5.xvg


-------------------------------------------------------
Program:     gmx angle, version 2023.4-conda_forge
Source file: src/gromacs/commandline/cmdlineparser.cpp (line 271)
Function:    void gmx::CommandLineParser::parse(int*, char**)

Error in user input:
Invalid command-line options
  In command-line option -f
    File '/tmp/gmx_pbc_v1kfs04r/mapped_center_fit.xtc' does not exist or is
    not accessible.
    The file could not be opened.
      Reason: No such file or directory
      (call to fopen() returned error code 2)

For more information and tips for troubleshooting, please check the GROMACS
website at https://manual.gromacs.org/current/user-guide/run-time-errors.html
-------------------------------------------------------
ERROR on dihedral 6
                :-) GROMACS - gmx angle, 2023.4-conda_forge (-:

Executable:   /home/anacleto/anaconda3/bin.AVX2_256/gmx
Data prefix:  /home/anacleto/anaconda3
Working dir:  /tmp/dihedrals_work_kyko41o5
Command line:
  gmx angle -type dihedral -f /tmp/gmx_pbc_v1kfs04r/mapped_center_fit.xtc -n temp_dih_6.ndx -ov dihedrals/dih_6.xvg


-------------------------------------------------------
Program:     gmx angle, version 2023.4-conda_forge
Source file: src/gromacs/commandline/cmdlineparser.cpp (line 271)
Function:    void gmx::CommandLineParser::parse(int*, char**)

Error in user input:
Invalid command-line options
  In command-line option -f
    File '/tmp/gmx_pbc_v1kfs04r/mapped_center_fit.xtc' does not exist or is
    not accessible.
    The file could not be opened.
      Reason: No such file or directory
      (call to fopen() returned error code 2)

For more information and tips for troubleshooting, please check the GROMACS
website at https://manual.gromacs.org/current/user-guide/run-time-errors.html
-------------------------------------------------------
ERROR on dihedral 7
                :-) GROMACS - gmx angle, 2023.4-conda_forge (-:

Executable:   /home/anacleto/anaconda3/bin.AVX2_256/gmx
Data prefix:  /home/anacleto/anaconda3
Working dir:  /tmp/dihedrals_work_kyko41o5
Command line:
  gmx angle -type dihedral -f /tmp/gmx_pbc_v1kfs04r/mapped_center_fit.xtc -n temp_dih_7.ndx -ov dihedrals/dih_7.xvg


-------------------------------------------------------
Program:     gmx angle, version 2023.4-conda_forge
Source file: src/gromacs/commandline/cmdlineparser.cpp (line 271)
Function:    void gmx::CommandLineParser::parse(int*, char**)

Error in user input:
Invalid command-line options
  In command-line option -f
    File '/tmp/gmx_pbc_v1kfs04r/mapped_center_fit.xtc' does not exist or is
    not accessible.
    The file could not be opened.
      Reason: No such file or directory
      (call to fopen() returned error code 2)

For more information and tips for troubleshooting, please check the GROMACS
website at https://manual.gromacs.org/current/user-guide/run-time-errors.html
-------------------------------------------------------
ERROR on dihedral 8
                :-) GROMACS - gmx angle, 2023.4-conda_forge (-:

Executable:   /home/anacleto/anaconda3/bin.AVX2_256/gmx
Data prefix:  /home/anacleto/anaconda3
Working dir:  /tmp/dihedrals_work_kyko41o5
Command line:
  gmx angle -type dihedral -f /tmp/gmx_pbc_v1kfs04r/mapped_center_fit.xtc -n temp_dih_8.ndx -ov dihedrals/dih_8.xvg


-------------------------------------------------------
Program:     gmx angle, version 2023.4-conda_forge
Source file: src/gromacs/commandline/cmdlineparser.cpp (line 271)
Function:    void gmx::CommandLineParser::parse(int*, char**)

Error in user input:
Invalid command-line options
  In command-line option -f
    File '/tmp/gmx_pbc_v1kfs04r/mapped_center_fit.xtc' does not exist or is
    not accessible.
    The file could not be opened.
      Reason: No such file or directory
      (call to fopen() returned error code 2)

For more information and tips for troubleshooting, please check the GROMACS
website at https://manual.gromacs.org/current/user-guide/run-time-errors.html
-------------------------------------------------------
ERROR on dihedral 9
                :-) GROMACS - gmx angle, 2023.4-conda_forge (-:

Executable:   /home/anacleto/anaconda3/bin.AVX2_256/gmx
Data prefix:  /home/anacleto/anaconda3
Working dir:  /tmp/dihedrals_work_kyko41o5
Command line:
  gmx angle -type dihedral -f /tmp/gmx_pbc_v1kfs04r/mapped_center_fit.xtc -n temp_dih_9.ndx -ov dihedrals/dih_9.xvg


-------------------------------------------------------
Program:     gmx angle, version 2023.4-conda_forge
Source file: src/gromacs/commandline/cmdlineparser.cpp (line 271)
Function:    void gmx::CommandLineParser::parse(int*, char**)

Error in user input:
Invalid command-line options
  In command-line option -f
    File '/tmp/gmx_pbc_v1kfs04r/mapped_center_fit.xtc' does not exist or is
    not accessible.
    The file could not be opened.
      Reason: No such file or directory
      (call to fopen() returned error code 2)

For more information and tips for troubleshooting, please check the GROMACS
website at https://manual.gromacs.org/current/user-guide/run-time-errors.html
-------------------------------------------------------
ERROR on dihedral 10
                :-) GROMACS - gmx angle, 2023.4-conda_forge (-:

Executable:   /home/anacleto/anaconda3/bin.AVX2_256/gmx
Data prefix:  /home/anacleto/anaconda3
Working dir:  /tmp/dihedrals_work_kyko41o5
Command line:
  gmx angle -type dihedral -f /tmp/gmx_pbc_v1kfs04r/mapped_center_fit.xtc -n temp_dih_10.ndx -ov dihedrals/dih_10.xvg


-------------------------------------------------------
Program:     gmx angle, version 2023.4-conda_forge
Source file: src/gromacs/commandline/cmdlineparser.cpp (line 271)
Function:    void gmx::CommandLineParser::parse(int*, char**)

Error in user input:
Invalid command-line options
  In command-line option -f
    File '/tmp/gmx_pbc_v1kfs04r/mapped_center_fit.xtc' does not exist or is
    not accessible.
    The file could not be opened.
      Reason: No such file or directory
      (call to fopen() returned error code 2)

For more information and tips for troubleshooting, please check the GROMACS
website at https://manual.gromacs.org/current/user-guide/run-time-errors.html
-------------------------------------------------------
ERROR on dihedral 11
                :-) GROMACS - gmx angle, 2023.4-conda_forge (-:

Executable:   /home/anacleto/anaconda3/bin.AVX2_256/gmx
Data prefix:  /home/anacleto/anaconda3
Working dir:  /tmp/dihedrals_work_kyko41o5
Command line:
  gmx angle -type dihedral -f /tmp/gmx_pbc_v1kfs04r/mapped_center_fit.xtc -n temp_dih_11.ndx -ov dihedrals/dih_11.xvg


-------------------------------------------------------
Program:     gmx angle, version 2023.4-conda_forge
Source file: src/gromacs/commandline/cmdlineparser.cpp (line 271)
Function:    void gmx::CommandLineParser::parse(int*, char**)

Error in user input:
Invalid command-line options
  In command-line option -f
    File '/tmp/gmx_pbc_v1kfs04r/mapped_center_fit.xtc' does not exist or is
    not accessible.
    The file could not be opened.
      Reason: No such file or directory
      (call to fopen() returned error code 2)

For more information and tips for troubleshooting, please check the GROMACS
website at https://manual.gromacs.org/current/user-guide/run-time-errors.html
-------------------------------------------------------
ERROR on dihedral 12
                :-) GROMACS - gmx angle, 2023.4-conda_forge (-:

Executable:   /home/anacleto/anaconda3/bin.AVX2_256/gmx
Data prefix:  /home/anacleto/anaconda3
Working dir:  /tmp/dihedrals_work_kyko41o5
Command line:
  gmx angle -type dihedral -f /tmp/gmx_pbc_v1kfs04r/mapped_center_fit.xtc -n temp_dih_12.ndx -ov dihedrals/dih_12.xvg


-------------------------------------------------------
Program:     gmx angle, version 2023.4-conda_forge
Source file: src/gromacs/commandline/cmdlineparser.cpp (line 271)
Function:    void gmx::CommandLineParser::parse(int*, char**)

Error in user input:
Invalid command-line options
  In command-line option -f
    File '/tmp/gmx_pbc_v1kfs04r/mapped_center_fit.xtc' does not exist or is
    not accessible.
    The file could not be opened.
      Reason: No such file or directory
      (call to fopen() returned error code 2)

For more information and tips for troubleshooting, please check the GROMACS
website at https://manual.gromacs.org/current/user-guide/run-time-errors.html
-------------------------------------------------------
ERROR on dihedral 13
                :-) GROMACS - gmx angle, 2023.4-conda_forge (-:

Executable:   /home/anacleto/anaconda3/bin.AVX2_256/gmx
Data prefix:  /home/anacleto/anaconda3
Working dir:  /tmp/dihedrals_work_kyko41o5
Command line:
  gmx angle -type dihedral -f /tmp/gmx_pbc_v1kfs04r/mapped_center_fit.xtc -n temp_dih_13.ndx -ov dihedrals/dih_13.xvg


-------------------------------------------------------
Program:     gmx angle, version 2023.4-conda_forge
Source file: src/gromacs/commandline/cmdlineparser.cpp (line 271)
Function:    void gmx::CommandLineParser::parse(int*, char**)

Error in user input:
Invalid command-line options
  In command-line option -f
    File '/tmp/gmx_pbc_v1kfs04r/mapped_center_fit.xtc' does not exist or is
    not accessible.
    The file could not be opened.
      Reason: No such file or directory
      (call to fopen() returned error code 2)

For more information and tips for troubleshooting, please check the GROMACS
website at https://manual.gromacs.org/current/user-guide/run-time-errors.html
-------------------------------------------------------
ERROR on dihedral 14
                :-) GROMACS - gmx angle, 2023.4-conda_forge (-:

Executable:   /home/anacleto/anaconda3/bin.AVX2_256/gmx
Data prefix:  /home/anacleto/anaconda3
Working dir:  /tmp/dihedrals_work_kyko41o5
Command line:
  gmx angle -type dihedral -f /tmp/gmx_pbc_v1kfs04r/mapped_center_fit.xtc -n temp_dih_14.ndx -ov dihedrals/dih_14.xvg


-------------------------------------------------------
Program:     gmx angle, version 2023.4-conda_forge
Source file: src/gromacs/commandline/cmdlineparser.cpp (line 271)
Function:    void gmx::CommandLineParser::parse(int*, char**)

Error in user input:
Invalid command-line options
  In command-line option -f
    File '/tmp/gmx_pbc_v1kfs04r/mapped_center_fit.xtc' does not exist or is
    not accessible.
    The file could not be opened.
      Reason: No such file or directory
      (call to fopen() returned error code 2)

For more information and tips for troubleshooting, please check the GROMACS
website at https://manual.gromacs.org/current/user-guide/run-time-errors.html
-------------------------------------------------------
ERROR on dihedral 15
                :-) GROMACS - gmx angle, 2023.4-conda_forge (-:

Executable:   /home/anacleto/anaconda3/bin.AVX2_256/gmx
Data prefix:  /home/anacleto/anaconda3
Working dir:  /tmp/dihedrals_work_kyko41o5
Command line:
  gmx angle -type dihedral -f /tmp/gmx_pbc_v1kfs04r/mapped_center_fit.xtc -n temp_dih_15.ndx -ov dihedrals/dih_15.xvg


-------------------------------------------------------
Program:     gmx angle, version 2023.4-conda_forge
Source file: src/gromacs/commandline/cmdlineparser.cpp (line 271)
Function:    void gmx::CommandLineParser::parse(int*, char**)

Error in user input:
Invalid command-line options
  In command-line option -f
    File '/tmp/gmx_pbc_v1kfs04r/mapped_center_fit.xtc' does not exist or is
    not accessible.
    The file could not be opened.
      Reason: No such file or directory
      (call to fopen() returned error code 2)

For more information and tips for troubleshooting, please check the GROMACS
website at https://manual.gromacs.org/current/user-guide/run-time-errors.html
-------------------------------------------------------
ERROR on dihedral 16
                :-) GROMACS - gmx angle, 2023.4-conda_forge (-:

Executable:   /home/anacleto/anaconda3/bin.AVX2_256/gmx
Data prefix:  /home/anacleto/anaconda3
Working dir:  /tmp/dihedrals_work_kyko41o5
Command line:
  gmx angle -type dihedral -f /tmp/gmx_pbc_v1kfs04r/mapped_center_fit.xtc -n temp_dih_16.ndx -ov dihedrals/dih_16.xvg


-------------------------------------------------------
Program:     gmx angle, version 2023.4-conda_forge
Source file: src/gromacs/commandline/cmdlineparser.cpp (line 271)
Function:    void gmx::CommandLineParser::parse(int*, char**)

Error in user input:
Invalid command-line options
  In command-line option -f
    File '/tmp/gmx_pbc_v1kfs04r/mapped_center_fit.xtc' does not exist or is
    not accessible.
    The file could not be opened.
      Reason: No such file or directory
      (call to fopen() returned error code 2)

For more information and tips for troubleshooting, please check the GROMACS
website at https://manual.gromacs.org/current/user-guide/run-time-errors.html
-------------------------------------------------------
ERROR on dihedral 17
                :-) GROMACS - gmx angle, 2023.4-conda_forge (-:

Executable:   /home/anacleto/anaconda3/bin.AVX2_256/gmx
Data prefix:  /home/anacleto/anaconda3
Working dir:  /tmp/dihedrals_work_kyko41o5
Command line:
  gmx angle -type dihedral -f /tmp/gmx_pbc_v1kfs04r/mapped_center_fit.xtc -n temp_dih_17.ndx -ov dihedrals/dih_17.xvg


-------------------------------------------------------
Program:     gmx angle, version 2023.4-conda_forge
Source file: src/gromacs/commandline/cmdlineparser.cpp (line 271)
Function:    void gmx::CommandLineParser::parse(int*, char**)

Error in user input:
Invalid command-line options
  In command-line option -f
    File '/tmp/gmx_pbc_v1kfs04r/mapped_center_fit.xtc' does not exist or is
    not accessible.
    The file could not be opened.
      Reason: No such file or directory
      (call to fopen() returned error code 2)

For more information and tips for troubleshooting, please check the GROMACS
website at https://manual.gromacs.org/current/user-guide/run-time-errors.html
-------------------------------------------------------
ERROR on dihedral 18
                :-) GROMACS - gmx angle, 2023.4-conda_forge (-:

Executable:   /home/anacleto/anaconda3/bin.AVX2_256/gmx
Data prefix:  /home/anacleto/anaconda3
Working dir:  /tmp/dihedrals_work_kyko41o5
Command line:
  gmx angle -type dihedral -f /tmp/gmx_pbc_v1kfs04r/mapped_center_fit.xtc -n temp_dih_18.ndx -ov dihedrals/dih_18.xvg


-------------------------------------------------------
Program:     gmx angle, version 2023.4-conda_forge
Source file: src/gromacs/commandline/cmdlineparser.cpp (line 271)
Function:    void gmx::CommandLineParser::parse(int*, char**)

Error in user input:
Invalid command-line options
  In command-line option -f
    File '/tmp/gmx_pbc_v1kfs04r/mapped_center_fit.xtc' does not exist or is
    not accessible.
    The file could not be opened.
      Reason: No such file or directory
      (call to fopen() returned error code 2)

For more information and tips for troubleshooting, please check the GROMACS
website at https://manual.gromacs.org/current/user-guide/run-time-errors.html
-------------------------------------------------------
ERROR on dihedral 19
                :-) GROMACS - gmx angle, 2023.4-conda_forge (-:

Executable:   /home/anacleto/anaconda3/bin.AVX2_256/gmx
Data prefix:  /home/anacleto/anaconda3
Working dir:  /tmp/dihedrals_work_kyko41o5
Command line:
  gmx angle -type dihedral -f /tmp/gmx_pbc_v1kfs04r/mapped_center_fit.xtc -n temp_dih_19.ndx -ov dihedrals/dih_19.xvg


-------------------------------------------------------
Program:     gmx angle, version 2023.4-conda_forge
Source file: src/gromacs/commandline/cmdlineparser.cpp (line 271)
Function:    void gmx::CommandLineParser::parse(int*, char**)

Error in user input:
Invalid command-line options
  In command-line option -f
    File '/tmp/gmx_pbc_v1kfs04r/mapped_center_fit.xtc' does not exist or is
    not accessible.
    The file could not be opened.
      Reason: No such file or directory
      (call to fopen() returned error code 2)

For more information and tips for troubleshooting, please check the GROMACS
website at https://manual.gromacs.org/current/user-guide/run-time-errors.html
-------------------------------------------------------
ERROR on dihedral 20
                :-) GROMACS - gmx angle, 2023.4-conda_forge (-:

Executable:   /home/anacleto/anaconda3/bin.AVX2_256/gmx
Data prefix:  /home/anacleto/anaconda3
Working dir:  /tmp/dihedrals_work_kyko41o5
Command line:
  gmx angle -type dihedral -f /tmp/gmx_pbc_v1kfs04r/mapped_center_fit.xtc -n temp_dih_20.ndx -ov dihedrals/dih_20.xvg


-------------------------------------------------------
Program:     gmx angle, version 2023.4-conda_forge
Source file: src/gromacs/commandline/cmdlineparser.cpp (line 271)
Function:    void gmx::CommandLineParser::parse(int*, char**)

Error in user input:
Invalid command-line options
  In command-line option -f
    File '/tmp/gmx_pbc_v1kfs04r/mapped_center_fit.xtc' does not exist or is
    not accessible.
    The file could not be opened.
      Reason: No such file or directory
      (call to fopen() returned error code 2)

For more information and tips for troubleshooting, please check the GROMACS
website at https://manual.gromacs.org/current/user-guide/run-time-errors.html
-------------------------------------------------------
ERROR on dihedral 21
                :-) GROMACS - gmx angle, 2023.4-conda_forge (-:

Executable:   /home/anacleto/anaconda3/bin.AVX2_256/gmx
Data prefix:  /home/anacleto/anaconda3
Working dir:  /tmp/dihedrals_work_kyko41o5
Command line:
  gmx angle -type dihedral -f /tmp/gmx_pbc_v1kfs04r/mapped_center_fit.xtc -n temp_dih_21.ndx -ov dihedrals/dih_21.xvg


-------------------------------------------------------
Program:     gmx angle, version 2023.4-conda_forge
Source file: src/gromacs/commandline/cmdlineparser.cpp (line 271)
Function:    void gmx::CommandLineParser::parse(int*, char**)

Error in user input:
Invalid command-line options
  In command-line option -f
    File '/tmp/gmx_pbc_v1kfs04r/mapped_center_fit.xtc' does not exist or is
    not accessible.
    The file could not be opened.
      Reason: No such file or directory
      (call to fopen() returned error code 2)

For more information and tips for troubleshooting, please check the GROMACS
website at https://manual.gromacs.org/current/user-guide/run-time-errors.html
-------------------------------------------------------
ERROR on dihedral 22
                :-) GROMACS - gmx angle, 2023.4-conda_forge (-:

Executable:   /home/anacleto/anaconda3/bin.AVX2_256/gmx
Data prefix:  /home/anacleto/anaconda3
Working dir:  /tmp/dihedrals_work_kyko41o5
Command line:
  gmx angle -type dihedral -f /tmp/gmx_pbc_v1kfs04r/mapped_center_fit.xtc -n temp_dih_22.ndx -ov dihedrals/dih_22.xvg


-------------------------------------------------------
Program:     gmx angle, version 2023.4-conda_forge
Source file: src/gromacs/commandline/cmdlineparser.cpp (line 271)
Function:    void gmx::CommandLineParser::parse(int*, char**)

Error in user input:
Invalid command-line options
  In command-line option -f
    File '/tmp/gmx_pbc_v1kfs04r/mapped_center_fit.xtc' does not exist or is
    not accessible.
    The file could not be opened.
      Reason: No such file or directory
      (call to fopen() returned error code 2)

For more information and tips for troubleshooting, please check the GROMACS
website at https://manual.gromacs.org/current/user-guide/run-time-errors.html
-------------------------------------------------------
ERROR on dihedral 23
                :-) GROMACS - gmx angle, 2023.4-conda_forge (-:

Executable:   /home/anacleto/anaconda3/bin.AVX2_256/gmx
Data prefix:  /home/anacleto/anaconda3
Working dir:  /tmp/dihedrals_work_kyko41o5
Command line:
  gmx angle -type dihedral -f /tmp/gmx_pbc_v1kfs04r/mapped_center_fit.xtc -n temp_dih_23.ndx -ov dihedrals/dih_23.xvg


-------------------------------------------------------
Program:     gmx angle, version 2023.4-conda_forge
Source file: src/gromacs/commandline/cmdlineparser.cpp (line 271)
Function:    void gmx::CommandLineParser::parse(int*, char**)

Error in user input:
Invalid command-line options
  In command-line option -f
    File '/tmp/gmx_pbc_v1kfs04r/mapped_center_fit.xtc' does not exist or is
    not accessible.
    The file could not be opened.
      Reason: No such file or directory
      (call to fopen() returned error code 2)

For more information and tips for troubleshooting, please check the GROMACS
website at https://manual.gromacs.org/current/user-guide/run-time-errors.html
-------------------------------------------------------
ERROR on dihedral 24
                :-) GROMACS - gmx angle, 2023.4-conda_forge (-:

Executable:   /home/anacleto/anaconda3/bin.AVX2_256/gmx
Data prefix:  /home/anacleto/anaconda3
Working dir:  /tmp/dihedrals_work_kyko41o5
Command line:
  gmx angle -type dihedral -f /tmp/gmx_pbc_v1kfs04r/mapped_center_fit.xtc -n temp_dih_24.ndx -ov dihedrals/dih_24.xvg


-------------------------------------------------------
Program:     gmx angle, version 2023.4-conda_forge
Source file: src/gromacs/commandline/cmdlineparser.cpp (line 271)
Function:    void gmx::CommandLineParser::parse(int*, char**)

Error in user input:
Invalid command-line options
  In command-line option -f
    File '/tmp/gmx_pbc_v1kfs04r/mapped_center_fit.xtc' does not exist or is
    not accessible.
    The file could not be opened.
      Reason: No such file or directory
      (call to fopen() returned error code 2)

For more information and tips for troubleshooting, please check the GROMACS
website at https://manual.gromacs.org/current/user-guide/run-time-errors.html
-------------------------------------------------------
ERROR on dihedral 25
                :-) GROMACS - gmx angle, 2023.4-conda_forge (-:

Executable:   /home/anacleto/anaconda3/bin.AVX2_256/gmx
Data prefix:  /home/anacleto/anaconda3
Working dir:  /tmp/dihedrals_work_kyko41o5
Command line:
  gmx angle -type dihedral -f /tmp/gmx_pbc_v1kfs04r/mapped_center_fit.xtc -n temp_dih_25.ndx -ov dihedrals/dih_25.xvg


-------------------------------------------------------
Program:     gmx angle, version 2023.4-conda_forge
Source file: src/gromacs/commandline/cmdlineparser.cpp (line 271)
Function:    void gmx::CommandLineParser::parse(int*, char**)

Error in user input:
Invalid command-line options
  In command-line option -f
    File '/tmp/gmx_pbc_v1kfs04r/mapped_center_fit.xtc' does not exist or is
    not accessible.
    The file could not be opened.
      Reason: No such file or directory
      (call to fopen() returned error code 2)

For more information and tips for troubleshooting, please check the GROMACS
website at https://manual.gromacs.org/current/user-guide/run-time-errors.html
-------------------------------------------------------
ERROR on dihedral 26
                :-) GROMACS - gmx angle, 2023.4-conda_forge (-:

Executable:   /home/anacleto/anaconda3/bin.AVX2_256/gmx
Data prefix:  /home/anacleto/anaconda3
Working dir:  /tmp/dihedrals_work_kyko41o5
Command line:
  gmx angle -type dihedral -f /tmp/gmx_pbc_v1kfs04r/mapped_center_fit.xtc -n temp_dih_26.ndx -ov dihedrals/dih_26.xvg


-------------------------------------------------------
Program:     gmx angle, version 2023.4-conda_forge
Source file: src/gromacs/commandline/cmdlineparser.cpp (line 271)
Function:    void gmx::CommandLineParser::parse(int*, char**)

Error in user input:
Invalid command-line options
  In command-line option -f
    File '/tmp/gmx_pbc_v1kfs04r/mapped_center_fit.xtc' does not exist or is
    not accessible.
    The file could not be opened.
      Reason: No such file or directory
      (call to fopen() returned error code 2)

For more information and tips for troubleshooting, please check the GROMACS
website at https://manual.gromacs.org/current/user-guide/run-time-errors.html
-------------------------------------------------------
ERROR on dihedral 27
                :-) GROMACS - gmx angle, 2023.4-conda_forge (-:

Executable:   /home/anacleto/anaconda3/bin.AVX2_256/gmx
Data prefix:  /home/anacleto/anaconda3
Working dir:  /tmp/dihedrals_work_kyko41o5
Command line:
  gmx angle -type dihedral -f /tmp/gmx_pbc_v1kfs04r/mapped_center_fit.xtc -n temp_dih_27.ndx -ov dihedrals/dih_27.xvg


-------------------------------------------------------
Program:     gmx angle, version 2023.4-conda_forge
Source file: src/gromacs/commandline/cmdlineparser.cpp (line 271)
Function:    void gmx::CommandLineParser::parse(int*, char**)

Error in user input:
Invalid command-line options
  In command-line option -f
    File '/tmp/gmx_pbc_v1kfs04r/mapped_center_fit.xtc' does not exist or is
    not accessible.
    The file could not be opened.
      Reason: No such file or directory
      (call to fopen() returned error code 2)

For more information and tips for troubleshooting, please check the GROMACS
website at https://manual.gromacs.org/current/user-guide/run-time-errors.html
-------------------------------------------------------
ERROR on dihedral 28
                :-) GROMACS - gmx angle, 2023.4-conda_forge (-:

Executable:   /home/anacleto/anaconda3/bin.AVX2_256/gmx
Data prefix:  /home/anacleto/anaconda3
Working dir:  /tmp/dihedrals_work_kyko41o5
Command line:
  gmx angle -type dihedral -f /tmp/gmx_pbc_v1kfs04r/mapped_center_fit.xtc -n temp_dih_28.ndx -ov dihedrals/dih_28.xvg


-------------------------------------------------------
Program:     gmx angle, version 2023.4-conda_forge
Source file: src/gromacs/commandline/cmdlineparser.cpp (line 271)
Function:    void gmx::CommandLineParser::parse(int*, char**)

Error in user input:
Invalid command-line options
  In command-line option -f
    File '/tmp/gmx_pbc_v1kfs04r/mapped_center_fit.xtc' does not exist or is
    not accessible.
    The file could not be opened.
      Reason: No such file or directory
      (call to fopen() returned error code 2)

For more information and tips for troubleshooting, please check the GROMACS
website at https://manual.gromacs.org/current/user-guide/run-time-errors.html
-------------------------------------------------------
ERROR on dihedral 29
                :-) GROMACS - gmx angle, 2023.4-conda_forge (-:

Executable:   /home/anacleto/anaconda3/bin.AVX2_256/gmx
Data prefix:  /home/anacleto/anaconda3
Working dir:  /tmp/dihedrals_work_kyko41o5
Command line:
  gmx angle -type dihedral -f /tmp/gmx_pbc_v1kfs04r/mapped_center_fit.xtc -n temp_dih_29.ndx -ov dihedrals/dih_29.xvg


-------------------------------------------------------
Program:     gmx angle, version 2023.4-conda_forge
Source file: src/gromacs/commandline/cmdlineparser.cpp (line 271)
Function:    void gmx::CommandLineParser::parse(int*, char**)

Error in user input:
Invalid command-line options
  In command-line option -f
    File '/tmp/gmx_pbc_v1kfs04r/mapped_center_fit.xtc' does not exist or is
    not accessible.
    The file could not be opened.
      Reason: No such file or directory
      (call to fopen() returned error code 2)

For more information and tips for troubleshooting, please check the GROMACS
website at https://manual.gromacs.org/current/user-guide/run-time-errors.html
-------------------------------------------------------
ERROR on dihedral 30
                :-) GROMACS - gmx angle, 2023.4-conda_forge (-:

Executable:   /home/anacleto/anaconda3/bin.AVX2_256/gmx
Data prefix:  /home/anacleto/anaconda3
Working dir:  /tmp/dihedrals_work_kyko41o5
Command line:
  gmx angle -type dihedral -f /tmp/gmx_pbc_v1kfs04r/mapped_center_fit.xtc -n temp_dih_30.ndx -ov dihedrals/dih_30.xvg


-------------------------------------------------------
Program:     gmx angle, version 2023.4-conda_forge
Source file: src/gromacs/commandline/cmdlineparser.cpp (line 271)
Function:    void gmx::CommandLineParser::parse(int*, char**)

Error in user input:
Invalid command-line options
  In command-line option -f
    File '/tmp/gmx_pbc_v1kfs04r/mapped_center_fit.xtc' does not exist or is
    not accessible.
    The file could not be opened.
      Reason: No such file or directory
      (call to fopen() returned error code 2)

For more information and tips for troubleshooting, please check the GROMACS
website at https://manual.gromacs.org/current/user-guide/run-time-errors.html
-------------------------------------------------------
ERROR on dihedral 31
                :-) GROMACS - gmx angle, 2023.4-conda_forge (-:

Executable:   /home/anacleto/anaconda3/bin.AVX2_256/gmx
Data prefix:  /home/anacleto/anaconda3
Working dir:  /tmp/dihedrals_work_kyko41o5
Command line:
  gmx angle -type dihedral -f /tmp/gmx_pbc_v1kfs04r/mapped_center_fit.xtc -n temp_dih_31.ndx -ov dihedrals/dih_31.xvg


-------------------------------------------------------
Program:     gmx angle, version 2023.4-conda_forge
Source file: src/gromacs/commandline/cmdlineparser.cpp (line 271)
Function:    void gmx::CommandLineParser::parse(int*, char**)

Error in user input:
Invalid command-line options
  In command-line option -f
    File '/tmp/gmx_pbc_v1kfs04r/mapped_center_fit.xtc' does not exist or is
    not accessible.
    The file could not be opened.
      Reason: No such file or directory
      (call to fopen() returned error code 2)

For more information and tips for troubleshooting, please check the GROMACS
website at https://manual.gromacs.org/current/user-guide/run-time-errors.html
-------------------------------------------------------
ERROR on dihedral 32
                :-) GROMACS - gmx angle, 2023.4-conda_forge (-:

Executable:   /home/anacleto/anaconda3/bin.AVX2_256/gmx
Data prefix:  /home/anacleto/anaconda3
Working dir:  /tmp/dihedrals_work_kyko41o5
Command line:
  gmx angle -type dihedral -f /tmp/gmx_pbc_v1kfs04r/mapped_center_fit.xtc -n temp_dih_32.ndx -ov dihedrals/dih_32.xvg


-------------------------------------------------------
Program:     gmx angle, version 2023.4-conda_forge
Source file: src/gromacs/commandline/cmdlineparser.cpp (line 271)
Function:    void gmx::CommandLineParser::parse(int*, char**)

Error in user input:
Invalid command-line options
  In command-line option -f
    File '/tmp/gmx_pbc_v1kfs04r/mapped_center_fit.xtc' does not exist or is
    not accessible.
    The file could not be opened.
      Reason: No such file or directory
      (call to fopen() returned error code 2)

For more information and tips for troubleshooting, please check the GROMACS
website at https://manual.gromacs.org/current/user-guide/run-time-errors.html
-------------------------------------------------------
ERROR on dihedral 33
                :-) GROMACS - gmx angle, 2023.4-conda_forge (-:

Executable:   /home/anacleto/anaconda3/bin.AVX2_256/gmx
Data prefix:  /home/anacleto/anaconda3
Working dir:  /tmp/dihedrals_work_kyko41o5
Command line:
  gmx angle -type dihedral -f /tmp/gmx_pbc_v1kfs04r/mapped_center_fit.xtc -n temp_dih_33.ndx -ov dihedrals/dih_33.xvg


-------------------------------------------------------
Program:     gmx angle, version 2023.4-conda_forge
Source file: src/gromacs/commandline/cmdlineparser.cpp (line 271)
Function:    void gmx::CommandLineParser::parse(int*, char**)

Error in user input:
Invalid command-line options
  In command-line option -f
    File '/tmp/gmx_pbc_v1kfs04r/mapped_center_fit.xtc' does not exist or is
    not accessible.
    The file could not be opened.
      Reason: No such file or directory
      (call to fopen() returned error code 2)

For more information and tips for troubleshooting, please check the GROMACS
website at https://manual.gromacs.org/current/user-guide/run-time-errors.html
-------------------------------------------------------
ERROR on dihedral 34
                :-) GROMACS - gmx angle, 2023.4-conda_forge (-:

Executable:   /home/anacleto/anaconda3/bin.AVX2_256/gmx
Data prefix:  /home/anacleto/anaconda3
Working dir:  /tmp/dihedrals_work_kyko41o5
Command line:
  gmx angle -type dihedral -f /tmp/gmx_pbc_v1kfs04r/mapped_center_fit.xtc -n temp_dih_34.ndx -ov dihedrals/dih_34.xvg


-------------------------------------------------------
Program:     gmx angle, version 2023.4-conda_forge
Source file: src/gromacs/commandline/cmdlineparser.cpp (line 271)
Function:    void gmx::CommandLineParser::parse(int*, char**)

Error in user input:
Invalid command-line options
  In command-line option -f
    File '/tmp/gmx_pbc_v1kfs04r/mapped_center_fit.xtc' does not exist or is
    not accessible.
    The file could not be opened.
      Reason: No such file or directory
      (call to fopen() returned error code 2)

For more information and tips for troubleshooting, please check the GROMACS
website at https://manual.gromacs.org/current/user-guide/run-time-errors.html
-------------------------------------------------------
ERROR on dihedral 35
                :-) GROMACS - gmx angle, 2023.4-conda_forge (-:

Executable:   /home/anacleto/anaconda3/bin.AVX2_256/gmx
Data prefix:  /home/anacleto/anaconda3
Working dir:  /tmp/dihedrals_work_kyko41o5
Command line:
  gmx angle -type dihedral -f /tmp/gmx_pbc_v1kfs04r/mapped_center_fit.xtc -n temp_dih_35.ndx -ov dihedrals/dih_35.xvg


-------------------------------------------------------
Program:     gmx angle, version 2023.4-conda_forge
Source file: src/gromacs/commandline/cmdlineparser.cpp (line 271)
Function:    void gmx::CommandLineParser::parse(int*, char**)

Error in user input:
Invalid command-line options
  In command-line option -f
    File '/tmp/gmx_pbc_v1kfs04r/mapped_center_fit.xtc' does not exist or is
    not accessible.
    The file could not be opened.
      Reason: No such file or directory
      (call to fopen() returned error code 2)

For more information and tips for troubleshooting, please check the GROMACS
website at https://manual.gromacs.org/current/user-guide/run-time-errors.html
-------------------------------------------------------
ERROR on dihedral 36
                :-) GROMACS - gmx angle, 2023.4-conda_forge (-:

Executable:   /home/anacleto/anaconda3/bin.AVX2_256/gmx
Data prefix:  /home/anacleto/anaconda3
Working dir:  /tmp/dihedrals_work_kyko41o5
Command line:
  gmx angle -type dihedral -f /tmp/gmx_pbc_v1kfs04r/mapped_center_fit.xtc -n temp_dih_36.ndx -ov dihedrals/dih_36.xvg


-------------------------------------------------------
Program:     gmx angle, version 2023.4-conda_forge
Source file: src/gromacs/commandline/cmdlineparser.cpp (line 271)
Function:    void gmx::CommandLineParser::parse(int*, char**)

Error in user input:
Invalid command-line options
  In command-line option -f
    File '/tmp/gmx_pbc_v1kfs04r/mapped_center_fit.xtc' does not exist or is
    not accessible.
    The file could not be opened.
      Reason: No such file or directory
      (call to fopen() returned error code 2)

For more information and tips for troubleshooting, please check the GROMACS
website at https://manual.gromacs.org/current/user-guide/run-time-errors.html
-------------------------------------------------------
ERROR on dihedral 37
                :-) GROMACS - gmx angle, 2023.4-conda_forge (-:

Executable:   /home/anacleto/anaconda3/bin.AVX2_256/gmx
Data prefix:  /home/anacleto/anaconda3
Working dir:  /tmp/dihedrals_work_kyko41o5
Command line:
  gmx angle -type dihedral -f /tmp/gmx_pbc_v1kfs04r/mapped_center_fit.xtc -n temp_dih_37.ndx -ov dihedrals/dih_37.xvg


-------------------------------------------------------
Program:     gmx angle, version 2023.4-conda_forge
Source file: src/gromacs/commandline/cmdlineparser.cpp (line 271)
Function:    void gmx::CommandLineParser::parse(int*, char**)

Error in user input:
Invalid command-line options
  In command-line option -f
    File '/tmp/gmx_pbc_v1kfs04r/mapped_center_fit.xtc' does not exist or is
    not accessible.
    The file could not be opened.
      Reason: No such file or directory
      (call to fopen() returned error code 2)

For more information and tips for troubleshooting, please check the GROMACS
website at https://manual.gromacs.org/current/user-guide/run-time-errors.html
-------------------------------------------------------
